c:\users\retsu\documents\2026_hal\gm31\gm31_dx\gm31_dx\x64\debug\vc145.pdb
c:\users\retsu\documents\2026_hal\gm31\gm31_dx\gm31_dx\x64\debug\vc145.idb
c:\users\retsu\documents\2026_hal\gm31\gm31_dx\gm31_dx\x64\debug\explosion.obj
c:\users\retsu\documents\2026_hal\gm31\gm31_dx\gm31_dx\x64\debug\enemy.obj
c:\users\retsu\documents\2026_hal\gm31\gm31_dx\gm31_dx\x64\debug\cube.obj
c:\users\retsu\documents\2026_hal\gm31\gm31_dx\gm31_dx\x64\debug\camera.obj
c:\users\retsu\documents\2026_hal\gm31\gm31_dx\gm31_dx\x64\debug\bullet.obj
c:\users\retsu\documents\2026_hal\gm31\gm31_dx\gm31_dx\x64\debug\box.obj
c:\users\retsu\documents\2026_hal\gm31\gm31_dx\gm31_dx\x64\debug\spriteanimation.obj
c:\users\retsu\documents\2026_hal\gm31\gm31_dx\gm31_dx\x64\debug\rigidbody.obj
c:\users\retsu\documents\2026_hal\gm31\gm31_dx\gm31_dx\x64\debug\modelrenderer.obj
c:\users\retsu\documents\2026_hal\gm31\gm31_dx\gm31_dx\x64\debug\collider.obj
c:\users\retsu\documents\2026_hal\gm31\gm31_dx\gm31_dx\x64\debug\billboardrenderer.obj
c:\users\retsu\documents\2026_hal\gm31\gm31_dx\gm31_dx\x64\debug\audio.obj
c:\users\retsu\documents\2026_hal\gm31\gm31_dx\gm31_dx\x64\debug\animationmodel.obj
c:\users\retsu\documents\2026_hal\gm31\gm31_dx\gm31_dx\x64\debug\texturemanager.obj
c:\users\retsu\documents\2026_hal\gm31\gm31_dx\gm31_dx\x64\debug\shadermanager.obj
c:\users\retsu\documents\2026_hal\gm31\gm31_dx\gm31_dx\x64\debug\renderer.obj
c:\users\retsu\documents\2026_hal\gm31\gm31_dx\gm31_dx\x64\debug\profiler.obj
c:\users\retsu\documents\2026_hal\gm31\gm31_dx\gm31_dx\x64\debug\manager.obj
c:\users\retsu\documents\2026_hal\gm31\gm31_dx\gm31_dx\x64\debug\input.obj
c:\users\retsu\documents\2026_hal\gm31\gm31_dx\gm31_dx\x64\debug\gizmo.obj
c:\users\retsu\documents\2026_hal\gm31\gm31_dx\gm31_dx\x64\debug\imgui_impl_win32.obj
c:\users\retsu\documents\2026_hal\gm31\gm31_dx\gm31_dx\x64\debug\imgui_impl_dx11.obj
c:\users\retsu\documents\2026_hal\gm31\gm31_dx\gm31_dx\x64\debug\imgui_widgets.obj
c:\users\retsu\documents\2026_hal\gm31\gm31_dx\gm31_dx\x64\debug\imgui_tables.obj
c:\users\retsu\documents\2026_hal\gm31\gm31_dx\gm31_dx\x64\debug\imgui_draw.obj
c:\users\retsu\documents\2026_hal\gm31\gm31_dx\gm31_dx\x64\debug\imgui_demo.obj
c:\users\retsu\documents\2026_hal\gm31\gm31_dx\gm31_dx\x64\debug\imgui.obj
c:\users\retsu\documents\2026_hal\gm31\gm31_dx\gm31_dx\x64\debug\main.obj
c:\users\retsu\documents\2026_hal\gm31\gm31_dx\gm31_dx\x64\debug\titlescene.obj
c:\users\retsu\documents\2026_hal\gm31\gm31_dx\gm31_dx\x64\debug\resultscene.obj
c:\users\retsu\documents\2026_hal\gm31\gm31_dx\gm31_dx\x64\debug\gamescene.obj
c:\users\retsu\documents\2026_hal\gm31\gm31_dx\gm31_dx\x64\debug\tree.obj
c:\users\retsu\documents\2026_hal\gm31\gm31_dx\gm31_dx\x64\debug\sky.obj
c:\users\retsu\documents\2026_hal\gm31\gm31_dx\gm31_dx\x64\debug\shadow.obj
c:\users\retsu\documents\2026_hal\gm31\gm31_dx\gm31_dx\x64\debug\score.obj
c:\users\retsu\documents\2026_hal\gm31\gm31_dx\gm31_dx\x64\debug\polygon2d.obj
c:\users\retsu\documents\2026_hal\gm31\gm31_dx\gm31_dx\x64\debug\player.obj
c:\users\retsu\documents\2026_hal\gm31\gm31_dx\gm31_dx\x64\debug\particle.obj
c:\users\retsu\documents\2026_hal\gm31\gm31_dx\gm31_dx\x64\debug\meshfield.obj
c:\users\retsu\documents\2026_hal\gm31\gm31_dx\gm31_dx\x64\debug\field.obj
c:\users\retsu\documents\2026_hal\gm31\gm31_dx\shader\fieldps.cso
c:\users\retsu\documents\2026_hal\gm31\gm31_dx\shader\fieldvs.cso
c:\users\retsu\documents\2026_hal\gm31\gm31_dx\shader\unlittextureps.cso
c:\users\retsu\documents\2026_hal\gm31\gm31_dx\shader\unlittexturevs.cso
c:\users\retsu\documents\2026_hal\gm31\gm31_dx\x64\debug\gm31_dx.exe
c:\users\retsu\documents\2026_hal\gm31\gm31_dx\x64\debug\gm31_dx.pdb
c:\users\retsu\documents\2026_hal\gm31\gm31_dx\gm31_dx\x64\debug\gm31_dx.ilk
c:\users\retsu\documents\2026_hal\gm31\gm31_dx\gm31_dx\x64\debug\gm31_dx.tlog\cl.command.1.tlog
c:\users\retsu\documents\2026_hal\gm31\gm31_dx\gm31_dx\x64\debug\gm31_dx.tlog\cl.items.tlog
c:\users\retsu\documents\2026_hal\gm31\gm31_dx\gm31_dx\x64\debug\gm31_dx.tlog\cl.read.1.tlog
c:\users\retsu\documents\2026_hal\gm31\gm31_dx\gm31_dx\x64\debug\gm31_dx.tlog\cl.write.1.tlog
c:\users\retsu\documents\2026_hal\gm31\gm31_dx\gm31_dx\x64\debug\gm31_dx.tlog\fxc.command.1.tlog
c:\users\retsu\documents\2026_hal\gm31\gm31_dx\gm31_dx\x64\debug\gm31_dx.tlog\fxc.read.1.tlog
c:\users\retsu\documents\2026_hal\gm31\gm31_dx\gm31_dx\x64\debug\gm31_dx.tlog\fxc.write.1.tlog
c:\users\retsu\documents\2026_hal\gm31\gm31_dx\gm31_dx\x64\debug\gm31_dx.tlog\link.command.1.tlog
c:\users\retsu\documents\2026_hal\gm31\gm31_dx\gm31_dx\x64\debug\gm31_dx.tlog\link.read.1.tlog
c:\users\retsu\documents\2026_hal\gm31\gm31_dx\gm31_dx\x64\debug\gm31_dx.tlog\link.secondary.1.tlog
c:\users\retsu\documents\2026_hal\gm31\gm31_dx\gm31_dx\x64\debug\gm31_dx.tlog\link.write.1.tlog
