c:\users\retsu\documents\2026_hal\gm31\gm31_dx\gm31_dx\x64\release\vc143.pdb
c:\users\retsu\documents\2026_hal\gm31\gm31_dx\gm31_dx\x64\release\renderer.obj
c:\users\retsu\documents\2026_hal\gm31\gm31_dx\gm31_dx\x64\release\polygon2d.obj
c:\users\retsu\documents\2026_hal\gm31\gm31_dx\gm31_dx\x64\release\manager.obj
c:\users\retsu\documents\2026_hal\gm31\gm31_dx\gm31_dx\x64\release\main.obj
c:\users\retsu\documents\2026_hal\gm31\gm31_dx\gm31_dx\x64\release\keyboard.obj
c:\users\retsu\documents\2026_hal\gm31\gm31_dx\gm31_dx\x64\release\imgui_widgets.obj
c:\users\retsu\documents\2026_hal\gm31\gm31_dx\gm31_dx\x64\release\imgui_tables.obj
c:\users\retsu\documents\2026_hal\gm31\gm31_dx\gm31_dx\x64\release\imgui_draw.obj
c:\users\retsu\documents\2026_hal\gm31\gm31_dx\gm31_dx\x64\release\imgui_demo.obj
c:\users\retsu\documents\2026_hal\gm31\gm31_dx\gm31_dx\x64\release\imgui.obj
c:\users\retsu\documents\2026_hal\gm31\gm31_dx\gm31_dx\x64\release\imgui_impl_win32.obj
c:\users\retsu\documents\2026_hal\gm31\gm31_dx\gm31_dx\x64\release\imgui_impl_dx11.obj
c:\users\retsu\documents\2026_hal\gm31\gm31_dx\gm31_dx\x64\release\field.obj
c:\users\retsu\documents\2026_hal\gm31\gm31_dx\gm31_dx\x64\release\cube.obj
c:\users\retsu\documents\2026_hal\gm31\gm31_dx\gm31_dx\x64\release\camera.obj
c:\users\retsu\documents\2026_hal\gm31\gm31_dx\unlittextureps.cso
c:\users\retsu\documents\2026_hal\gm31\gm31_dx\unlittexturevs.cso
c:\users\retsu\documents\2026_hal\gm31\gm31_dx\x64\release\gm31_dx.exe
c:\users\retsu\documents\2026_hal\gm31\gm31_dx\x64\release\gm31_dx.pdb
c:\users\retsu\documents\2026_hal\gm31\gm31_dx\gm31_dx\x64\release\gm31_dx.ipdb
c:\users\retsu\documents\2026_hal\gm31\gm31_dx\gm31_dx\x64\release\gm31_dx.iobj
c:\users\retsu\documents\2026_hal\gm31\gm31_dx\gm31_dx\x64\release\gm31_dx.tlog\cl.command.1.tlog
c:\users\retsu\documents\2026_hal\gm31\gm31_dx\gm31_dx\x64\release\gm31_dx.tlog\cl.items.tlog
c:\users\retsu\documents\2026_hal\gm31\gm31_dx\gm31_dx\x64\release\gm31_dx.tlog\cl.read.1.tlog
c:\users\retsu\documents\2026_hal\gm31\gm31_dx\gm31_dx\x64\release\gm31_dx.tlog\cl.write.1.tlog
c:\users\retsu\documents\2026_hal\gm31\gm31_dx\gm31_dx\x64\release\gm31_dx.tlog\fxc.command.1.tlog
c:\users\retsu\documents\2026_hal\gm31\gm31_dx\gm31_dx\x64\release\gm31_dx.tlog\fxc.read.1.tlog
c:\users\retsu\documents\2026_hal\gm31\gm31_dx\gm31_dx\x64\release\gm31_dx.tlog\fxc.write.1.tlog
c:\users\retsu\documents\2026_hal\gm31\gm31_dx\gm31_dx\x64\release\gm31_dx.tlog\link.command.1.tlog
c:\users\retsu\documents\2026_hal\gm31\gm31_dx\gm31_dx\x64\release\gm31_dx.tlog\link.read.1.tlog
c:\users\retsu\documents\2026_hal\gm31\gm31_dx\gm31_dx\x64\release\gm31_dx.tlog\link.secondary.1.tlog
c:\users\retsu\documents\2026_hal\gm31\gm31_dx\gm31_dx\x64\release\gm31_dx.tlog\link.write.1.tlog
